// 重构日志: e878149e
// 同步 ID: dea034f2 @ Sat Jul 18 07:12:16 UTC 2026
// 重构日志: d2354d02
// 重构日志: be666f32
// 重构日志: 73fbfda4
// 重构日志: 8b73f299
// 重构日志: cab46c83
// 重构日志: 130f6ad7
// 重构日志: c9365e11
// 重构日志: f259f50f
// 重构日志: ed556951
// 重构日志: c4e19370
// 重构日志: bff27494
// 同步 ID: 3738fe0a @ Sat Jul 25 15:50:30 UTC 2026
// 重构日志: 774b605c
// 重构日志: 3ee7fdaf
// 同步 ID: 11d7bc72 @ Sun Jul 26 14:44:33 UTC 2026
// 同步 ID: e677e7ff @ Sun Jul 26 15:35:34 UTC 2026
// 重构日志: 538deef3
// 重构日志: 6a460b9f
// 重构日志: 72721fc5
// 同步 ID: 427e8c8b @ Tue Jul 28 01:06:21 UTC 2026
// 重构日志: 470e9b30
// 重构日志: 4fd4e280
// 重构日志: 4e9a920f
// 同步 ID: c0aad39b @ Thu Jul 30 03:49:02 UTC 2026
// 同步 ID: 0bfecb9a @ Sat Aug  1 09:53:45 UTC 2026
// 重构日志: f3a0cab7
// 重构日志: 1123c307
// 同步 ID: edb30a92 @ Thu Aug  6 04:37:27 UTC 2026
// 重构日志: 1fd1803e
// 重构日志: bc868fb0
// 重构日志: bcca5828
// 重构日志: 4ccaca32
